2026-04-15 14:05:34 general      INFO     Connecting to SeaTable...
2026-04-15 14:05:37 general      INFO     ✅ No hay más datos por procesar.
2026-04-15 14:05:37 general      INFO     Found 426 tracked influencers.
2026-04-15 14:05:50 general      INFO     Estado inicial de Instagram: logged_in | URL: https://www.instagram.com/
2026-04-15 14:05:50 general      INFO     Instagram ya estaba autenticado.
2026-04-15 14:05:50 general      INFO     Instagram base autenticado.
2026-04-15 14:05:50 general      INFO     Lefty frame real detectado: https://plugin.lefty.io/?appUrl=https://plugin.lefty.io
2026-04-15 14:05:55 general      INFO     Intentando abrir el panel de Lefty... (Intento 1)
2026-04-15 14:05:55 general      INFO     Esperando 2 segundos antes de hacer clic para abrir el panel...
2026-04-15 14:05:57 general      INFO     Se hizo clic en el botón para abrir Lefty.
2026-04-15 14:05:59 general      INFO     Lefty ya está abierto.
2026-04-15 14:05:59 general      INFO     Lefty requiere login. Llenando credenciales...
2026-04-15 14:05:59 general      INFO     Login de Lefty enviado.
2026-04-15 14:06:01 general      INFO     Lefty base autenticado.
2026-04-15 14:06:01 general      INFO     Processing influencer: jenniferjimenezv
2026-04-15 14:06:01 general      INFO     Visiting instagram link for jenniferjimenezv: http://instagram.com/jenniferjimenezv/
2026-04-15 14:06:01 general      INFO     Processing influencer: lodicekris
2026-04-15 14:06:01 general      INFO     Visiting instagram link for lodicekris: http://instagram.com/lodicekris/
2026-04-15 14:06:01 general      INFO     Processing influencer: kbvasquezm
2026-04-15 14:06:01 general      INFO     Visiting instagram link for kbvasquezm: http://instagram.com/kbvasquezm/
2026-04-15 14:06:08 general      INFO     Estado inicial de Instagram: logged_in | URL: https://www.instagram.com/jenniferjimenezv/
2026-04-15 14:06:08 general      INFO     Instagram ya estaba autenticado.
2026-04-15 14:06:08 general      INFO     Instagram autenticado correctamente para jenniferjimenezv.
2026-04-15 14:06:08 general      INFO     Preparing Lefty for jenniferjimenezv...
2026-04-15 14:06:08 general      INFO     Lefty frame real detectado: https://plugin.lefty.io/?appUrl=https://plugin.lefty.io
2026-04-15 14:06:11 general      INFO     Estado inicial de Instagram: logged_in | URL: https://www.instagram.com/kbvasquezm/
2026-04-15 14:06:11 general      INFO     Instagram ya estaba autenticado.
2026-04-15 14:06:11 general      INFO     Instagram autenticado correctamente para kbvasquezm.
2026-04-15 14:06:11 general      INFO     Preparing Lefty for kbvasquezm...
2026-04-15 14:06:11 general      INFO     Lefty frame real detectado: https://plugin.lefty.io/?appUrl=https://plugin.lefty.io
2026-04-15 14:06:11 general      INFO     Estado inicial de Instagram: logged_in | URL: https://www.instagram.com/lodicekris/
2026-04-15 14:06:11 general      INFO     Instagram ya estaba autenticado.
2026-04-15 14:06:11 general      INFO     Instagram autenticado correctamente para lodicekris.
2026-04-15 14:06:11 general      INFO     Preparing Lefty for lodicekris...
2026-04-15 14:06:11 general      INFO     Lefty frame real detectado: https://plugin.lefty.io/?appUrl=https://plugin.lefty.io
2026-04-15 14:06:12 general      INFO     Intentando abrir el panel de Lefty... (Intento 1)
2026-04-15 14:06:12 general      INFO     Esperando 2 segundos antes de hacer clic para abrir el panel...
2026-04-15 14:06:14 general      INFO     Se hizo clic en el botón para abrir Lefty.
2026-04-15 14:06:15 general      INFO     Intentando abrir el panel de Lefty... (Intento 1)
2026-04-15 14:06:15 general      INFO     Esperando 2 segundos antes de hacer clic para abrir el panel...
2026-04-15 14:06:15 general      INFO     Intentando abrir el panel de Lefty... (Intento 1)
2026-04-15 14:06:15 general      INFO     Esperando 2 segundos antes de hacer clic para abrir el panel...
2026-04-15 14:06:16 general      INFO     Lefty ya está abierto.
2026-04-15 14:06:16 general      INFO     Lefty requiere login. Llenando credenciales...
2026-04-15 14:06:17 general      INFO     Se hizo clic en el botón para abrir Lefty.
2026-04-15 14:06:17 general      INFO     Se hizo clic en el botón para abrir Lefty.
2026-04-15 14:06:19 general      INFO     Lefty ya está abierto.
2026-04-15 14:06:19 general      INFO     Lefty requiere login. Llenando credenciales...
2026-04-15 14:06:19 general      INFO     Login de Lefty enviado.
2026-04-15 14:06:19 general      INFO     Lefty ya está abierto.
2026-04-15 14:06:19 general      INFO     Lefty requiere login. Llenando credenciales...
2026-04-15 14:06:19 general      INFO     Login de Lefty enviado.
2026-04-15 14:06:22 general      INFO     Login de Lefty enviado.
2026-04-15 14:06:28 general      INFO     Lefty está listo.
2026-04-15 14:06:28 general      INFO     Botón 'Collect stories' detectado, esperando 2 segundos antes del clic...
2026-04-15 14:06:31 general      INFO     Clicked 'Collect stories' for lodicekris
2026-04-15 14:06:31 general      INFO     Waiting for confirmation for lodicekris
2026-04-15 14:06:31 general      INFO     Lefty está listo.
2026-04-15 14:06:31 general      INFO     Botón 'Collect stories' detectado, esperando 2 segundos antes del clic...
2026-04-15 14:06:32 general      INFO     Popup OK detectado, esperando 2 segundos antes del clic...
2026-04-15 14:06:33 general      INFO     Clicked 'Collect stories' for kbvasquezm
2026-04-15 14:06:33 general      INFO     Waiting for confirmation for kbvasquezm
2026-04-15 14:06:34 general      INFO     Popup OK detectado, esperando 2 segundos antes del clic...
2026-04-15 14:06:36 general      INFO     Successfully collected stories for kbvasquezm
2026-04-15 14:06:36 general      INFO     Processing influencer: breafrank
2026-04-15 14:06:36 general      INFO     Visiting instagram link for breafrank: http://instagram.com/breafrank/
2026-04-15 14:06:36 general      INFO     Successfully collected stories for lodicekris
2026-04-15 14:06:36 general      INFO     Processing influencer: adriananovam
2026-04-15 14:06:36 general      INFO     Visiting instagram link for adriananovam: http://instagram.com/adriananovam/
2026-04-15 14:06:45 general      INFO     Estado inicial de Instagram: logged_in | URL: https://www.instagram.com/adriananovam/
2026-04-15 14:06:45 general      INFO     Instagram ya estaba autenticado.
2026-04-15 14:06:45 general      INFO     Instagram autenticado correctamente para adriananovam.
2026-04-15 14:06:45 general      INFO     Preparing Lefty for adriananovam...
2026-04-15 14:06:45 general      INFO     Lefty frame real detectado: https://plugin.lefty.io/?appUrl=https://plugin.lefty.io
2026-04-15 14:06:46 general      INFO     Estado inicial de Instagram: logged_in | URL: https://www.instagram.com/breafrank/
2026-04-15 14:06:46 general      INFO     Instagram ya estaba autenticado.
2026-04-15 14:06:46 general      INFO     Instagram autenticado correctamente para breafrank.
2026-04-15 14:06:46 general      INFO     Preparing Lefty for breafrank...
2026-04-15 14:06:46 general      INFO     Lefty frame real detectado: https://plugin.lefty.io/?appUrl=https://plugin.lefty.io
2026-04-15 14:06:50 general      INFO     Intentando abrir el panel de Lefty... (Intento 1)
2026-04-15 14:06:50 general      INFO     Esperando 2 segundos antes de hacer clic para abrir el panel...
2026-04-15 14:06:50 general      INFO     Intentando abrir el panel de Lefty... (Intento 1)
2026-04-15 14:06:50 general      INFO     Esperando 2 segundos antes de hacer clic para abrir el panel...
2026-04-15 14:06:52 general      INFO     Se hizo clic en el botón para abrir Lefty.
2026-04-15 14:06:52 general      INFO     Se hizo clic en el botón para abrir Lefty.
2026-04-15 14:06:54 general      INFO     Lefty ya está abierto.
2026-04-15 14:06:54 general      INFO     Lefty ya está abierto.
2026-04-15 14:06:56 general      INFO     Lefty ya está autenticado o no muestra login.
2026-04-15 14:06:56 general      INFO     Lefty ya está autenticado o no muestra login.
2026-04-15 14:06:57 general      INFO     Lefty está listo.
2026-04-15 14:06:57 general      INFO     Botón 'Collect stories' detectado, esperando 2 segundos antes del clic...
2026-04-15 14:06:57 general      INFO     Lefty está listo.
2026-04-15 14:06:57 general      INFO     Botón 'Collect stories' detectado, esperando 2 segundos antes del clic...
